// Vitest Snapshot v1

exports[`PrometheusParser.ts > parse 1`] = `
{
  "go_gc_duration_seconds": Metric {
    "help": "A summary of the pause duration of garbage collection cycles.",
    "metricsValues": [
      MetricValue {
        "count": 0,
        "quantiles": {
          "0": 0,
          "0.25": 0,
          "0.5": 0,
          "0.75": 0,
          "1": 0,
        },
        "sum": 0,
      },
    ],
    "type": "summary",
  },
  "http_requests_total": Metric {
    "help": "The total number of HTTP requests.",
    "metricsValues": [
      MetricValue {
        "code": "200",
        "method": "post",
        "value": 1027,
      },
    ],
    "type": "counter",
  },
  "rpc_duration_seconds": Metric {
    "help": "A summary of the RPC duration in seconds.",
    "metricsValues": [
      MetricValue {
        "count": 2693,
        "quantiles": {
          "0.01": 3102,
          "0.05": 3272,
          "0.5": 4773,
          "0.9": 9001,
          "0.99": 76656,
        },
        "sum": 17560473,
      },
    ],
    "type": "summary",
  },
}
`;
